2026.09.18 17:40:13 INFO  Started: Metals version 1.6.9 in folders 'C:\Users\javie\Desktop\Imagenes practica Scala\Practica 3\proyecto1' for client Visual Studio Code 1.138.0.
2026.09.18 17:40:13 INFO  Memory monitor started
2026.09.18 17:40:14 WARN  Using H2 2.5.250 which is newer than the version Flyway has been verified with. The latest verified version of H2 is 2.3.232.
2026.09.18 17:40:27 INFO  running 'C:\Program Files\Eclipse Adoptium\jdk-17.0.20.101-hotspot\bin\java.exe -Djline.terminal=jline.UnsupportedTerminal -Dsbt.log.noformat=true -Dfile.encoding=UTF-8 -jar C:\Users\javie\AppData\Local\Temp\metals2288741359367029191\sbt-launch.jar -Dbloop.export-jar-classifiers=sources -Dbloop.export-meta-build=true bloopInstall'
2026.09.18 17:40:27 INFO  no build target found for C:\Users\javie\Desktop\Imagenes practica Scala\Practica 3\proyecto1\project\project\metals.sbt. Using presentation compiler with project's scala-library version: 3.3.8
2026.09.18 17:40:27 WARN  no build target for: C:\Users\javie\Desktop\Imagenes practica Scala\Practica 3\proyecto1\project\metals.sbt
2026.09.18 17:40:27 WARN  no build target for: C:\Users\javie\Desktop\Imagenes practica Scala\Practica 3\proyecto1\project\project\metals.sbt
2026.09.18 17:40:28 INFO  [info] welcome to sbt 1.13.0 (Eclipse Adoptium Java 17.0.20.1)
2026.09.18 17:40:29 INFO  no build target found for C:\Users\javie\Desktop\Imagenes practica Scala\Practica 3\proyecto1\project\metals.sbt. Using presentation compiler with project's scala-library version: 3.3.8
2026.09.18 17:40:30 INFO  [info] loading settings for project proyecto1-build-build from metals.sbt...
2026.09.18 17:40:31 INFO  no build target found for C:\Users\javie\Desktop\Imagenes practica Scala\Practica 3\proyecto1\build.sbt. Using presentation compiler with project's scala-library version: 3.3.8
2026.09.18 17:40:31 WARN  Could not find semantic tokens for: file:///C:/Users/javie/Desktop/Imagenes%20practica%20Scala/Practica%203/proyecto1/build.sbt
2026.09.18 17:40:30 INFO  [info] loading project definition from C:\Users\javie\Desktop\Imagenes practica Scala\Practica 3\proyecto1\project\project
2026.09.18 17:40:32 INFO  no build target found for C:\Users\javie\Desktop\Imagenes practica Scala\Practica 3\proyecto1\build.sbt. Using presentation compiler with project's scala-library version: 3.3.8
2026.09.18 17:40:33 INFO  [info] loading settings for project proyecto1-build from metals.sbt...
2026.09.18 17:40:33 INFO  [info] loading project definition from C:\Users\javie\Desktop\Imagenes practica Scala\Practica 3\proyecto1\project
2026.09.18 17:40:34 INFO  [success] Generated .bloop\proyecto1-build.json
2026.09.18 17:40:34 INFO  [success] Total time: 2 s, completed 18 sept 2026 17:40:35
2026.09.18 17:40:36 INFO  [info] loading settings for project proyecto1 from build.sbt...
2026.09.18 17:40:36 INFO  [info] set current project to hello-world (in build file:/C:/Users/javie/Desktop/Imagenes%20practica%20Scala/Practica%203/proyecto1/)
2026.09.18 17:40:37 INFO  [success] Generated .bloop\proyecto1-test.json
2026.09.18 17:40:37 INFO  [success] Generated .bloop\proyecto1.json
2026.09.18 17:40:37 INFO  [success] Total time: 1 s, completed 18 sept 2026 17:40:37
2026.09.18 17:40:37 INFO  time: ran 'sbt bloopInstall' in 10s
2026.09.18 17:40:37 INFO  Attempting to connect to the build server...
2026.09.18 17:40:37 INFO  No running Bloop server found, starting one.
2026.09.18 17:40:38 INFO  no build target found for C:\Users\javie\Desktop\Imagenes practica Scala\Practica 3\proyecto1\build.sbt. Using presentation compiler with project's scala-library version: 3.3.8
2026.09.18 17:40:38 INFO  Starting compilation server
2026.09.18 17:40:38 INFO  no build target found for C:\Users\javie\Desktop\Imagenes practica Scala\Practica 3\proyecto1\build.sbt. Using presentation compiler with project's scala-library version: 3.3.8
2026.09.18 17:40:38 INFO  no build target found for C:\Users\javie\Desktop\Imagenes practica Scala\Practica 3\proyecto1\build.sbt. Using presentation compiler with project's scala-library version: 3.3.8
2026.09.18 17:40:38 INFO  no build target found for C:\Users\javie\Desktop\Imagenes practica Scala\Practica 3\proyecto1\build.sbt. Using presentation compiler with project's scala-library version: 3.3.8
2026.09.18 17:40:39 INFO  no build target found for C:\Users\javie\Desktop\Imagenes practica Scala\Practica 3\proyecto1\build.sbt. Using presentation compiler with project's scala-library version: 3.3.8
2026.09.18 17:40:38 INFO  no build target found for C:\Users\javie\Desktop\Imagenes practica Scala\Practica 3\proyecto1\build.sbt. Using presentation compiler with project's scala-library version: 3.3.8
sept 18, 2026 5:40:39 P. M. org.eclipse.lsp4j.jsonrpc.RemoteEndpoint handleCancellation
ADVERTENCIA: Unmatched cancel notification for request id 12
2026.09.18 17:40:39 INFO  no build target found for C:\Users\javie\Desktop\Imagenes practica Scala\Practica 3\proyecto1\build.sbt. Using presentation compiler with project's scala-library version: 3.3.8
2026.09.18 17:40:38 INFO  no build target found for C:\Users\javie\Desktop\Imagenes practica Scala\Practica 3\proyecto1\build.sbt. Using presentation compiler with project's scala-library version: 3.3.8
sept 18, 2026 5:40:39 P. M. org.eclipse.lsp4j.jsonrpc.RemoteEndpoint handleCancellation
ADVERTENCIA: Unmatched cancel notification for request id 13
2026.09.18 17:40:38 INFO  no build target found for C:\Users\javie\Desktop\Imagenes practica Scala\Practica 3\proyecto1\build.sbt. Using presentation compiler with project's scala-library version: 3.3.8
2026.09.18 17:40:38 INFO  no build target found for C:\Users\javie\Desktop\Imagenes practica Scala\Practica 3\proyecto1\build.sbt. Using presentation compiler with project's scala-library version: 3.3.8
2026.09.18 17:40:38 INFO  no build target found for C:\Users\javie\Desktop\Imagenes practica Scala\Practica 3\proyecto1\build.sbt. Using presentation compiler with project's scala-library version: 3.3.8
2026.09.18 17:40:38 INFO  no build target found for C:\Users\javie\Desktop\Imagenes practica Scala\Practica 3\proyecto1\build.sbt. Using presentation compiler with project's scala-library version: 3.3.8
2026.09.18 17:40:38 INFO  no build target found for C:\Users\javie\Desktop\Imagenes practica Scala\Practica 3\proyecto1\build.sbt. Using presentation compiler with project's scala-library version: 3.3.8
2026.09.18 17:40:39 INFO  no build target found for C:\Users\javie\Desktop\Imagenes practica Scala\Practica 3\proyecto1\build.sbt. Using presentation compiler with project's scala-library version: 3.3.8
2026.09.18 17:40:39 WARN  Could not find semantic tokens for: file:///C:/Users/javie/Desktop/Imagenes%20practica%20Scala/Practica%203/proyecto1/build.sbt
2026.09.18 17:40:39 INFO  Tracing is disabled for protocol BSP. To enable tracing of incoming and outgoing JSON messages, create an empty file at C:\Users\javie\Desktop\Imagenes practica Scala\Practica 3\proyecto1\.metals\bsp.trace.json or C:\Users\javie\AppData\Local\scalameta\metals\cache\bsp.trace.json
2026.09.18 17:40:40 WARN  no build target for: C:\Users\javie\Desktop\Imagenes practica Scala\Practica 3\proyecto1\build.sbt
2026.09.18 17:40:40 INFO  no build target found for C:\Users\javie\Desktop\Imagenes practica Scala\Practica 3\proyecto1\build.sbt. Using presentation compiler with project's scala-library version: 3.3.8
2026.09.18 17:40:40 WARN  Could not find semantic tokens for: file:///C:/Users/javie/Desktop/Imagenes%20practica%20Scala/Practica%203/proyecto1/build.sbt
2026.09.18 17:40:40 INFO  no build target found for C:\Users\javie\Desktop\Imagenes practica Scala\Practica 3\proyecto1\build.sbt. Using presentation compiler with project's scala-library version: 3.3.8
2026.09.18 17:40:40 WARN  Could not find semantic tokens for: file:///C:/Users/javie/Desktop/Imagenes%20practica%20Scala/Practica%203/proyecto1/build.sbt
2026.09.18 17:40:43 INFO  no build target found for C:\Users\javie\Desktop\Imagenes practica Scala\Practica 3\proyecto1\src\main\scala\Main.scala. Using presentation compiler with project's scala-library version: 3.3.8
2026.09.18 17:40:43 INFO  no build target found for C:\Users\javie\Desktop\Imagenes practica Scala\Practica 3\proyecto1\src\main\scala\Main.scala. Using presentation compiler with project's scala-library version: 3.3.8
sept 18, 2026 5:40:43 P. M. org.eclipse.lsp4j.jsonrpc.RemoteEndpoint handleCancellation
ADVERTENCIA: Unmatched cancel notification for request id 30
2026.09.18 17:40:43 INFO  no build target found for C:\Users\javie\Desktop\Imagenes practica Scala\Practica 3\proyecto1\src\main\scala\Main.scala. Using presentation compiler with project's scala-library version: 3.3.8
2026.09.18 17:40:43 INFO  Attempting to connect to the build server...
2026.09.18 17:40:43 INFO  Found a Bloop server running
2026.09.18 17:40:43 INFO  Tracing is disabled for protocol BSP. To enable tracing of incoming and outgoing JSON messages, create an empty file at C:\Users\javie\Desktop\Imagenes practica Scala\Practica 3\proyecto1\project\.metals\bsp.trace.json or C:\Users\javie\AppData\Local\scalameta\metals\cache\bsp.trace.json
2026.09.18 17:40:43 INFO  time: Connected to build server in 5.8s
2026.09.18 17:40:43 INFO  Connected to Build server: Bloop v2.1.2
2026.09.18 17:40:43 WARN  2.13.12 is no longer supported in the current Metals versions, using the last known supported version 1.5.1
2026.09.18 17:40:51 WARN  Using H2 2.5.250 which is newer than the version Flyway has been verified with. The latest verified version of H2 is 2.3.232.
2026.09.18 17:40:57 INFO  time: indexed workspace in 13s
2026.09.18 17:40:57 INFO  compiling proyecto1 (1 scala source)
2026.09.18 17:41:00 INFO  time: compiled proyecto1 in 2.59s
